
> trafficflow@1.0.0 build
> next build

   Γû▓ Next.js 15.5.15
   - Environments: .env.local
   - Experiments (use with caution):
     ┬╖ optimizePackageImports

   Creating an optimized production build ...
 Γ£ô Compiled successfully in 11.0s
   Linting and checking validity of types ...
